---
source: tui/src/startup_draft_tests.rs
expression: frames
---
before onboarding: hidden (0x0 viewport)
---
after onboarding:
╭───────────────────────────────────────╮
│ >_ Shortcut (v<VERSION>)                  │
│                                       │
│ model:     loading   /model to change │
│ directory: loading                    │
╰───────────────────────────────────────╯


› Ask Shortcut to do anything

  ? for shortcuts
